BL51 BANKED LINKER/LOCATER V6.22                                                        03/10/2017  18:52:59  PAGE 1


BL51 BANKED LINKER/LOCATER V6.22, INVOKED BY:
C:\KEIL\C51\BIN\BL51.EXE .\obj\Compound.obj, .\obj\DEBUG.obj, .\obj\main.obj TO .\obj\Coumpound_Dev_1_4 PRINT (.\list\Co
>> umpound_Dev_1_4.m51) RAMSIZE (256) DISABLEWARNING (16)


MEMORY MODEL: LARGE


INPUT MODULES INCLUDED:
  .\obj\Compound.obj (COMPOUND)
  .\obj\DEBUG.obj (DEBUG)
  .\obj\main.obj (MAIN)
  C:\KEIL\C51\LIB\C51L.LIB (?C_STARTUP)
  C:\KEIL\C51\LIB\C51L.LIB (?C?COPY)
  C:\KEIL\C51\LIB\C51L.LIB (?C?CLDPTR)
  C:\KEIL\C51\LIB\C51L.LIB (?C?IILDX)
  C:\KEIL\C51\LIB\C51L.LIB (?C?ULDIV)
  C:\KEIL\C51\LIB\C51L.LIB (?C?LSTXDATA)
  C:\KEIL\C51\LIB\C51L.LIB (?C?LSTKXDATA)
  C:\KEIL\C51\LIB\C51L.LIB (?C?CCASE)
  C:\KEIL\C51\LIB\C51L.LIB (PRINTF)
  C:\KEIL\C51\LIB\C51L.LIB (RAND)
  C:\KEIL\C51\LIB\C51L.LIB (?C_INIT)
  C:\KEIL\C51\LIB\C51L.LIB (?C?CLDOPTR)
  C:\KEIL\C51\LIB\C51L.LIB (?C?CSTPTR)
  C:\KEIL\C51\LIB\C51L.LIB (?C?LLDXDATA)
  C:\KEIL\C51\LIB\C51L.LIB (?C?PLDIXDATA)
  C:\KEIL\C51\LIB\C51L.LIB (?C?PSTXDATA)
  C:\KEIL\C51\LIB\C51L.LIB (PUTCHAR)


LINK MAP OF MODULE:  .\obj\Coumpound_Dev_1_4 (COMPOUND)


            TYPE    BASE      LENGTH    RELOCATION   SEGMENT NAME
            -----------------------------------------------------

            * * * * * * *   D A T A   M E M O R Y   * * * * * * *
            REG     0000H     0008H     ABSOLUTE     "REG BANK 0"
            REG     0008H     0008H     ABSOLUTE     "REG BANK 1"
            DATA    0010H     0005H     UNIT         _DATA_GROUP_
                    0015H     000BH                  *** GAP ***
            BIT     0020H.0   0001H.1   UNIT         _BIT_GROUP_
                    0021H.1   0000H.7                *** GAP ***
            IDATA   0022H     0001H     UNIT         ?STACK

            * * * * * * *  X D A T A   M E M O R Y  * * * * * * *
            XDATA   0000H     0008H     ABSOLUTE     
            XDATA   0008H     0001H     UNIT         ?XD?UPLOADDATA?COMPOUND
            XDATA   0009H     0001H     UNIT         ?XD?HIDVALUEHANDLE?COMPOUND
            XDATA   000AH     0040H     ABSOLUTE     
            XDATA   004AH     0004H     UNIT         ?XD?RAND?RAND
                    004EH     0002H                  *** GAP ***
            XDATA   0050H     0080H     ABSOLUTE     
            XDATA   00D0H     005CH     UNIT         ?XD?COMPOUND
            XDATA   012CH     002EH     UNIT         _XDATA_GROUP_
                    015AH     22ECH                  *** GAP ***
            XDATA   2446H     0001H     ABSOLUTE     
BL51 BANKED LINKER/LOCATER V6.22                                                      03/10/2017  18:52:59  PAGE 2


            XDATA   2447H     0001H     ABSOLUTE     
            XDATA   2448H     0001H     ABSOLUTE     
            XDATA   2449H     0001H     ABSOLUTE     
            XDATA   244AH     0001H     ABSOLUTE     
            XDATA   244BH     0001H     ABSOLUTE     
            XDATA   244CH     0001H     ABSOLUTE     
            XDATA   244DH     0001H     ABSOLUTE     
            XDATA   244EH     0001H     ABSOLUTE     
            XDATA   244FH     0001H     ABSOLUTE     
                    2450H     00F6H                  *** GAP ***
            XDATA   2546H     0001H     ABSOLUTE     
            XDATA   2547H     0001H     ABSOLUTE     
            XDATA   2548H     0001H     ABSOLUTE     
            XDATA   2549H     0001H     ABSOLUTE     
            XDATA   254AH     0001H     ABSOLUTE     
            XDATA   254BH     0001H     ABSOLUTE     
            XDATA   254CH     0001H     ABSOLUTE     
            XDATA   254DH     0001H     ABSOLUTE     
            XDATA   254EH     0001H     ABSOLUTE     
            XDATA   254FH     0001H     ABSOLUTE     
                    2550H     0330H                  *** GAP ***
            XDATA   2880H     0001H     ABSOLUTE     
            XDATA   2881H     0001H     ABSOLUTE     
            XDATA   2882H     0001H     ABSOLUTE     
            XDATA   2883H     0001H     ABSOLUTE     
            XDATA   2884H     0001H     ABSOLUTE     
            XDATA   2885H     0001H     ABSOLUTE     
            XDATA   2886H     0001H     ABSOLUTE     
                    2887H     0001H                  *** GAP ***
            XDATA   2888H     0001H     ABSOLUTE     
            XDATA   2889H     0001H     ABSOLUTE     
                    288AH     00F6H                  *** GAP ***
            XDATA   2980H     0001H     ABSOLUTE     
            XDATA   2981H     0001H     ABSOLUTE     
            XDATA   2982H     0001H     ABSOLUTE     
            XDATA   2983H     0001H     ABSOLUTE     
            XDATA   2984H     0001H     ABSOLUTE     
            XDATA   2985H     0001H     ABSOLUTE     
            XDATA   2986H     0001H     ABSOLUTE     
                    2987H     0001H                  *** GAP ***
            XDATA   2988H     0001H     ABSOLUTE     
            XDATA   2989H     0001H     ABSOLUTE     

            * * * * * * *   C O D E   M E M O R Y   * * * * * * *
            CODE    0000H     0003H     ABSOLUTE     
            CODE    0003H     002AH     UNIT         ?PR?MAIN?MAIN
            CODE    002DH     0011H     UNIT         ?PR?USBDEVICEINTCFG?COMPOUND
                    003EH     0005H                  *** GAP ***
            CODE    0043H     0003H     ABSOLUTE     
            CODE    0046H     0444H     UNIT         ?PR?DEVICEINTERRUPT?COMPOUND
            CODE    048AH     0365H     UNIT         ?PR?PRINTF?PRINTF
            CODE    07EFH     02C1H     UNIT         ?C?LIB_CODE
            CODE    0AB0H     0133H     UNIT         ?PR?_SENDKEY?COMPOUND
            CODE    0BE3H     00DFH     UNIT         ?CO?COMPOUND
            CODE    0CC2H     009EH     UNIT         ?PR?MINITSTDIO?DEBUG
            CODE    0D60H     008CH     UNIT         ?C_C51STARTUP
            CODE    0DECH     006EH     UNIT         ?PR?HIDVALUEHANDLE?COMPOUND
BL51 BANKED LINKER/LOCATER V6.22                                                      03/10/2017  18:52:59  PAGE 3


            CODE    0E5AH     005AH     UNIT         ?C_INITSEG
            CODE    0EB4H     004DH     UNIT         ?PR?RAND?RAND
            CODE    0F01H     004BH     UNIT         ?PR?USBDEVICEENDPOINTCFG?COMPOUND
            CODE    0F4CH     0027H     UNIT         ?PR?PUTCHAR?PUTCHAR
            CODE    0F73H     0026H     UNIT         ?PR?UPLOADDATA?COMPOUND
            CODE    0F99H     0020H     UNIT         ?PR?ENP1INTIN?COMPOUND
            CODE    0FB9H     0020H     UNIT         ?PR?ENP2INTIN?COMPOUND
            CODE    0FD9H     001BH     UNIT         ?PR?USBDEVICECFG?COMPOUND
            CODE    0FF4H     0017H     UNIT         ?PR?_MDELAYMS?DEBUG
            CODE    100BH     000EH     UNIT         ?PR?_MDELAYUS?DEBUG
            CODE    1019H     000AH     UNIT         ?PR?CFGFSYS?DEBUG
            CODE    1023H     0008H     UNIT         ?PR?CH559UART0RCVBYTE?DEBUG



OVERLAY MAP OF MODULE:   .\obj\Coumpound_Dev_1_4 (COMPOUND)


SEGMENT                                      BIT_GROUP          DATA_GROUP          XDATA_GROUP
  +--> CALLED SEGMENT                     START    LENGTH     START    LENGTH     START    LENGTH
-------------------------------------------------------------------------------------------------
?PR?DEVICEINTERRUPT?COMPOUND              -----    -----      -----    -----      012CH    0001H
  +--> ?CO?COMPOUND
  +--> ?PR?PRINTF?PRINTF

?PR?PRINTF?PRINTF                         0020H.0  0001H.1    0010H    0005H      012DH    0028H
  +--> ?PR?PUTCHAR?PUTCHAR

*** NEW ROOT ***************************************************

?C_C51STARTUP                             -----    -----      -----    -----      -----    -----
  +--> ?PR?MAIN?MAIN
  +--> ?C_INITSEG

?PR?MAIN?MAIN                             -----    -----      -----    -----      -----    -----
  +--> ?PR?_MDELAYMS?DEBUG
  +--> ?PR?MINITSTDIO?DEBUG
  +--> ?PR?USBDEVICECFG?COMPOUND
  +--> ?PR?USBDEVICEENDPOINTCFG?COMPOUND
  +--> ?PR?USBDEVICEINTCFG?COMPOUND

?PR?_MDELAYMS?DEBUG                       -----    -----      -----    -----      -----    -----
  +--> ?PR?_MDELAYUS?DEBUG

?PR?MINITSTDIO?DEBUG                      -----    -----      -----    -----      0155H    0005H

?C_INITSEG                                -----    -----      -----    -----      -----    -----
  +--> ?CO?COMPOUND



SYMBOL TABLE OF MODULE:  .\obj\Coumpound_Dev_1_4 (COMPOUND)

  VALUE           TYPE          NAME
  ----------------------------------

  -------         MODULE        COMPOUND
BL51 BANKED LINKER/LOCATER V6.22                                                      03/10/2017  18:52:59  PAGE 4


  C:0000H         SYMBOL        _ICE_DUMMY_
  C:002DH         PUBLIC        USBDeviceIntCfg
  X:2989H         PUBLIC        pLED_DMA_XL
  D:0080H         PUBLIC        P0
  X:00D1H         PUBLIC        HIDKey
  D:0090H         PUBLIC        P1
  D:00E2H         PUBLIC        USB_CTRL
  D:00A0H         PUBLIC        P2
  C:0BF1H         PUBLIC        sPath
  D:00B0H         PUBLIC        P3
  X:00D9H         PUBLIC        UsbConfig
  B:00A8H.7       PUBLIC        EA
  X:2888H         PUBLIC        LED_DMA_XH
  B:00D8H.0       PUBLIC        UIF_BUS_RST
  D:00E8H         PUBLIC        IE_EX
  X:2889H         PUBLIC        LED_DMA_XL
  D:00A8H         PUBLIC        IE
  D:00DDH         PUBLIC        UEP0_T_LEN
  D:00E3H         PUBLIC        USB_DEV_AD
  D:00D3H         PUBLIC        UEP1_T_LEN
  D:00D5H         PUBLIC        UEP2_T_LEN
  C:0C80H         PUBLIC        CfgDesc
  D:00A2H         PUBLIC        XBUS_AUX
  D:00B8H         PUBLIC        IP
  X:00DAH         PUBLIC        FLAG
  C:0C0BH         PUBLIC        DevDesc
  D:00D8H         PUBLIC        USB_INT_FG
  C:0DECH         PUBLIC        HIDValueHandle
  C:0046H         PUBLIC        DeviceInterrupt
  X:00DBH         PUBLIC        pStr
  D:00E1H         PUBLIC        USB_INT_EN
  X:2983H         PUBLIC        pLED_CK_SE
  B:00D8H.1       PUBLIC        UIF_TRANSFER
  D:0087H         PUBLIC        PCON
  X:00DEH         PUBLIC        EnumOK
  D:00DCH         PUBLIC        UEP0_CTRL
  D:00D2H         PUBLIC        UEP1_CTRL
  D:00D4H         PUBLIC        UEP2_CTRL
  D:0098H         PUBLIC        SCON
  X:00DFH         PUBLIC        SetupLen
  D:0088H         PUBLIC        TCON
  D:00D1H         PUBLIC        USB_RX_LEN
  C:0AB0H         SYMBOL        _SendKey
  C:0F99H         SYMBOL        Enp1IntIn
  D:00F8H         PUBLIC        SPI0_STAT
  C:0FB9H         SYMBOL        Enp2IntIn
  X:2883H         PUBLIC        LED_CK_SE
  D:00DAH         PUBLIC        USB_MIS_ST
  X:00E0H         PUBLIC        SetupReq
  D:00D9H         PUBLIC        USB_INT_ST
  D:00EBH         PUBLIC        WAKE_CTRL
  X:2982H         PUBLIC        pLED_DATA
  X:0000H         PUBLIC        Ep0Buffer
  X:000AH         PUBLIC        Ep1Buffer
  X:0050H         PUBLIC        Ep2Buffer
  C:0C5EH         PUBLIC        ComRepDesc
  D:00E4H         PUBLIC        UDEV_CTRL
BL51 BANKED LINKER/LOCATER V6.22                                                      03/10/2017  18:52:59  PAGE 5


  C:0FD9H         PUBLIC        USBDeviceCfg
  X:2882H         PUBLIC        LED_DATA
  C:0C1DH         PUBLIC        KeyRepDesc
  B:00E8H.2       PUBLIC        IE_USB
  X:00E1H         PUBLIC        SetupReqBuf
  X:2981H         PUBLIC        pLED_CTRL
  D:00C0H         PUBLIC        P4_OUT
  D:00A1H         PUBLIC        SAFE_MOD
  X:2547H         PUBLIC        pUEP2_3_MOD
  X:2546H         PUBLIC        pUEP4_1_MOD
  X:2984H         PUBLIC        pLED_DMA_AH
  X:00E9H         PUBLIC        pDescr
  X:2980H         PUBLIC        pLED_STAT
  C:0F73H         SYMBOL        UploadData
  X:2985H         PUBLIC        pLED_DMA_AL
  X:2548H         PUBLIC        pUEP0_DMA_H
  D:00C8H         PUBLIC        T2CON
  X:254AH         PUBLIC        pUEP1_DMA_H
  X:254CH         PUBLIC        pUEP2_DMA_H
  X:254EH         PUBLIC        pUEP3_DMA_H
  B:00D8H.2       PUBLIC        UIF_SUSPEND
  X:2986H         PUBLIC        pLED_DMA_CN
  X:2549H         PUBLIC        pUEP0_DMA_L
  X:2881H         PUBLIC        LED_CTRL
  X:254BH         PUBLIC        pUEP1_DMA_L
  X:254DH         PUBLIC        pUEP2_DMA_L
  X:254FH         PUBLIC        pUEP3_DMA_L
  X:2447H         PUBLIC        UEP2_3_MOD
  X:2446H         PUBLIC        UEP4_1_MOD
  X:2884H         PUBLIC        LED_DMA_AH
  X:2880H         PUBLIC        LED_STAT
  X:00ECH         PUBLIC        HIDCom
  X:2885H         PUBLIC        LED_DMA_AL
  X:2448H         PUBLIC        UEP0_DMA_H
  X:244AH         PUBLIC        UEP1_DMA_H
  C:0F01H         PUBLIC        USBDeviceEndPointCfg
  X:244CH         PUBLIC        UEP2_DMA_H
  X:244EH         PUBLIC        UEP3_DMA_H
  X:2988H         PUBLIC        pLED_DMA_XH
  X:2886H         PUBLIC        LED_DMA_CN
  X:2449H         PUBLIC        UEP0_DMA_L
  D:00D0H         PUBLIC        PSW
  X:244BH         PUBLIC        UEP1_DMA_L
  X:244DH         PUBLIC        UEP2_DMA_L
  X:244FH         PUBLIC        UEP3_DMA_L
  -------         PROC          USBDEVICECFG
  C:0FD9H         LINE#         150
  C:0FD9H         LINE#         151
  C:0FD9H         LINE#         152
  C:0FDCH         LINE#         153
  C:0FDFH         LINE#         154
  C:0FE2H         LINE#         155
  C:0FE4H         LINE#         156
  C:0FE7H         LINE#         158
  C:0FEAH         LINE#         159
  C:0FEDH         LINE#         160
  C:0FF0H         LINE#         161
BL51 BANKED LINKER/LOCATER V6.22                                                      03/10/2017  18:52:59  PAGE 6


  C:0FF3H         LINE#         162
  -------         ENDPROC       USBDEVICECFG
  -------         PROC          USBDEVICEINTCFG
  C:002DH         LINE#         170
  C:002DH         LINE#         171
  C:002DH         LINE#         172
  C:0030H         LINE#         173
  C:0033H         LINE#         174
  C:0036H         LINE#         175
  C:0039H         LINE#         176
  C:003BH         LINE#         177
  C:003DH         LINE#         178
  -------         ENDPROC       USBDEVICEINTCFG
  -------         PROC          USBDEVICEENDPOINTCFG
  C:0F01H         LINE#         187
  C:0F01H         LINE#         188
  C:0F01H         LINE#         189
  C:0F0BH         LINE#         190
  C:0F12H         LINE#         191
  C:0F16H         LINE#         192
  C:0F1AH         LINE#         193
  C:0F1DH         LINE#         195
  C:0F27H         LINE#         196
  C:0F2EH         LINE#         197
  C:0F32H         LINE#         198
  C:0F36H         LINE#         199
  C:0F39H         LINE#         201
  C:0F41H         LINE#         202
  C:0F48H         LINE#         203
  C:0F4BH         LINE#         204
  -------         ENDPROC       USBDEVICEENDPOINTCFG
  -------         PROC          ENP1INTIN
  C:0F99H         LINE#         212
  C:0F99H         LINE#         213
  C:0F99H         LINE#         214
  C:0F9FH         LINE#         215
  C:0FB2H         LINE#         216
  C:0FB5H         LINE#         217
  C:0FB8H         LINE#         218
  -------         ENDPROC       ENP1INTIN
  -------         PROC          ENP2INTIN
  C:0FB9H         LINE#         226
  C:0FB9H         LINE#         227
  C:0FB9H         LINE#         228
  C:0FBFH         LINE#         229
  C:0FD2H         LINE#         230
  C:0FD5H         LINE#         231
  C:0FD8H         LINE#         232
  -------         ENDPROC       ENP2INTIN
  -------         PROC          DEVICEINTERRUPT
  -------         DO            
  X:012CH         SYMBOL        len
  -------         ENDDO         
  C:0046H         LINE#         238
  C:0053H         LINE#         242
  C:0059H         LINE#         243
  C:0059H         LINE#         244
BL51 BANKED LINKER/LOCATER V6.22                                                      03/10/2017  18:52:59  PAGE 7


  C:007BH         LINE#         245
  C:007BH         LINE#         246
  C:007BH         LINE#         247
  C:007EH         LINE#         248
  C:0086H         LINE#         249
  C:0089H         LINE#         250
  C:0089H         LINE#         251
  C:0091H         LINE#         252
  C:0094H         LINE#         253
  C:0094H         LINE#         254
  C:0097H         LINE#         255
  C:009FH         LINE#         256
  C:00A5H         LINE#         257
  C:00A8H         LINE#         258
  C:00A8H         LINE#         259
  C:00AEH         LINE#         260
  C:00B6H         LINE#         261
  C:00B6H         LINE#         262
  C:00BEH         LINE#         263
  C:00CDH         LINE#         264
  C:00CDH         LINE#         265
  C:00D3H         LINE#         266
  C:00D3H         LINE#         267
  C:00D8H         LINE#         268
  C:00E1H         LINE#         269
  C:00E1H         LINE#         270
  C:00EAH         LINE#         271
  C:00EAH         LINE#         272
  C:00F0H         LINE#         276
  C:00F0H         LINE#         277
  C:00FCH         LINE#         278
  C:00FCH         LINE#         279
  C:00FFH         LINE#         281
  C:00FFH         LINE#         282
  C:0104H         LINE#         283
  C:0107H         LINE#         284
  C:0107H         LINE#         286
  C:010FH         LINE#         287
  C:0140H         LINE#         288
  C:0140H         LINE#         289
  C:0140H         LINE#         290
  C:0150H         LINE#         291
  C:0150H         LINE#         292
  C:0150H         LINE#         293
  C:015EH         LINE#         294
  C:0164H         LINE#         295
  C:0166H         LINE#         296
  C:0166H         LINE#         297
  C:0174H         LINE#         298
  C:017AH         LINE#         299
  C:017CH         LINE#         300
  C:017CH         LINE#         301
  C:0183H         LINE#         302
  C:0183H         LINE#         303
  C:0191H         LINE#         304
  C:0197H         LINE#         305
  C:0199H         LINE#         307
BL51 BANKED LINKER/LOCATER V6.22                                                      03/10/2017  18:52:59  PAGE 8


  C:019DH         LINE#         308
  C:019DH         LINE#         309
  C:01ABH         LINE#         310
  C:01B1H         LINE#         311
  C:01B3H         LINE#         313
  C:01B3H         LINE#         314
  C:01B9H         LINE#         315
  C:01B9H         LINE#         325
  C:01BBH         LINE#         326
  C:01BBH         LINE#         327
  C:01C1H         LINE#         328
  C:01C1H         LINE#         329
  C:01C1H         LINE#         330
  C:01CCH         LINE#         331
  C:01CCH         LINE#         332
  C:01CCH         LINE#         333
  C:01D4H         LINE#         334
  C:01DCH         LINE#         335
  C:01DCH         LINE#         336
  C:01F3H         LINE#         337
  C:020BH         LINE#         338
  C:021CH         LINE#         339
  C:0227H         LINE#         340
  C:022AH         LINE#         342
  C:022AH         LINE#         343
  C:0232H         LINE#         344
  C:0235H         LINE#         345
  C:0235H         LINE#         347
  C:023DH         LINE#         348
  C:0249H         LINE#         349
  C:0249H         LINE#         350
  C:024FH         LINE#         351
  C:024FH         LINE#         352
  C:0252H         LINE#         353
  C:0252H         LINE#         355
  C:025AH         LINE#         356
  C:025DH         LINE#         357
  C:025DH         LINE#         358
  C:025DH         LINE#         359
  C:025DH         LINE#         361
  C:0267H         LINE#         362
  C:0267H         LINE#         363
  C:0275H         LINE#         364
  C:0275H         LINE#         365
  C:0275H         LINE#         366
  C:027DH         LINE#         367
  C:0280H         LINE#         368
  C:0280H         LINE#         369
  C:0288H         LINE#         370
  C:028BH         LINE#         371
  C:028BH         LINE#         372
  C:028EH         LINE#         373
  C:0291H         LINE#         374
  C:0291H         LINE#         375
  C:0297H         LINE#         376
  C:029AH         LINE#         377
  C:029AH         LINE#         378
BL51 BANKED LINKER/LOCATER V6.22                                                      03/10/2017  18:52:59  PAGE 9


  C:029DH         LINE#         380
  C:029DH         LINE#         381
  C:02A3H         LINE#         382
  C:02A3H         LINE#         383
  C:02A6H         LINE#         384
  C:02A6H         LINE#         385
  C:02AFH         LINE#         386
  C:02AFH         LINE#         387
  C:02C0H         LINE#         388
  C:02C0H         LINE#         389
  C:02CAH         LINE#         390
  C:02CAH         LINE#         392
  C:02CAH         LINE#         394
  C:02CAH         LINE#         395
  C:02D0H         LINE#         396
  C:02D0H         LINE#         397
  C:02D3H         LINE#         399
  C:02D3H         LINE#         400
  C:02D9H         LINE#         401
  C:02D9H         LINE#         402
  C:02DCH         LINE#         404
  C:02E1H         LINE#         405
  C:02E1H         LINE#         406
  C:02F0H         LINE#         407
  C:02F0H         LINE#         408
  C:030CH         LINE#         409
  C:030CH         LINE#         410
  C:030CH         LINE#         411
  C:0314H         LINE#         412
  C:0316H         LINE#         414
  C:0316H         LINE#         415
  C:031EH         LINE#         416
  C:0320H         LINE#         418
  C:0320H         LINE#         419
  C:0328H         LINE#         420
  C:032AH         LINE#         422
  C:032AH         LINE#         423
  C:0330H         LINE#         424
  C:0332H         LINE#         425
  C:0332H         LINE#         426
  C:0334H         LINE#         428
  C:0334H         LINE#         429
  C:033AH         LINE#         430
  C:033AH         LINE#         431
  C:033CH         LINE#         433
  C:033CH         LINE#         434
  C:0342H         LINE#         435
  C:0342H         LINE#         436
  C:0344H         LINE#         437
  C:0344H         LINE#         438
  C:0349H         LINE#         439
  C:034BH         LINE#         440
  C:0354H         LINE#         441
  C:0354H         LINE#         442
  C:035AH         LINE#         443
  C:035CH         LINE#         445
  C:035CH         LINE#         446
BL51 BANKED LINKER/LOCATER V6.22                                                      03/10/2017  18:52:59  PAGE 10


  C:0364H         LINE#         447
  C:0364H         LINE#         448
  C:0366H         LINE#         449
  C:0366H         LINE#         450
  C:036CH         LINE#         451
  C:036EH         LINE#         452
  C:036EH         LINE#         453
  C:036EH         LINE#         454
  C:0370H         LINE#         456
  C:0370H         LINE#         457
  C:0376H         LINE#         458
  C:0376H         LINE#         459
  C:037EH         LINE#         460
  C:037EH         LINE#         461
  C:0384H         LINE#         464
  C:0387H         LINE#         465
  C:038DH         LINE#         466
  C:038DH         LINE#         467
  C:038FH         LINE#         468
  C:0392H         LINE#         469
  C:0395H         LINE#         471
  C:0395H         LINE#         472
  C:0398H         LINE#         473
  C:039BH         LINE#         474
  C:039BH         LINE#         475
  C:039EH         LINE#         476
  C:039EH         LINE#         477
  C:03A9H         LINE#         478
  C:03A9H         LINE#         479
  C:03A9H         LINE#         480
  C:03C0H         LINE#         481
  C:03D8H         LINE#         482
  C:03E9H         LINE#         483
  C:03F4H         LINE#         484
  C:03FAH         LINE#         485
  C:03FDH         LINE#         486
  C:03FFH         LINE#         487
  C:03FFH         LINE#         488
  C:040BH         LINE#         489
  C:040EH         LINE#         490
  C:0410H         LINE#         491
  C:0410H         LINE#         492
  C:0413H         LINE#         493
  C:0416H         LINE#         494
  C:0416H         LINE#         495
  C:0416H         LINE#         496
  C:041DH         LINE#         497
  C:041DH         LINE#         498
  C:0420H         LINE#         499
  C:0423H         LINE#         500
  C:0423H         LINE#         501
  C:0425H         LINE#         502
  C:0425H         LINE#         503
  C:042BH         LINE#         504
  C:0430H         LINE#         505
  C:0430H         LINE#         506
  C:0430H         LINE#         507
BL51 BANKED LINKER/LOCATER V6.22                                                      03/10/2017  18:52:59  PAGE 11


  C:0430H         LINE#         511
  C:0430H         LINE#         512
  C:0430H         LINE#         513
  C:0430H         LINE#         517
  C:0430H         LINE#         518
  C:0430H         LINE#         519
  C:0433H         LINE#         520
  C:0436H         LINE#         521
  C:0436H         LINE#         522
  C:0436H         LINE#         523
  C:0436H         LINE#         524
  C:0436H         LINE#         525
  C:0438H         LINE#         526
  C:0438H         LINE#         527
  C:043BH         LINE#         528
  C:043BH         LINE#         529
  C:043EH         LINE#         530
  C:0441H         LINE#         531
  C:0444H         LINE#         532
  C:0447H         LINE#         533
  C:0449H         LINE#         534
  C:044BH         LINE#         535
  C:044DH         LINE#         536
  C:044DH         LINE#         537
  C:0450H         LINE#         538
  C:0450H         LINE#         539
  C:0452H         LINE#         540
  C:0457H         LINE#         541
  C:0457H         LINE#         543
  C:0460H         LINE#         545
  C:0465H         LINE#         546
  C:0465H         LINE#         549
  C:0465H         LINE#         550
  C:0468H         LINE#         551
  C:046BH         LINE#         552
  C:046EH         LINE#         553
  C:0471H         LINE#         554
  C:0474H         LINE#         555
  C:0477H         LINE#         556
  C:047AH         LINE#         557
  C:047AH         LINE#         558
  C:047CH         LINE#         559
  C:047CH         LINE#         560
  C:047FH         LINE#         561
  C:047FH         LINE#         562
  -------         ENDPROC       DEVICEINTERRUPT
  -------         PROC          _SENDKEY
  D:0001H         SYMBOL        p
  -------         DO            
  D:0006H         SYMBOL        c
  -------         ENDDO         
  C:0AB0H         LINE#         572
  C:0AB0H         LINE#         573
  C:0AB0H         LINE#         575
  C:0AB4H         LINE#         577
  C:0AC3H         LINE#         578
  C:0AC7H         LINE#         579
BL51 BANKED LINKER/LOCATER V6.22                                                      03/10/2017  18:52:59  PAGE 12


  C:0AC7H         LINE#         581
  C:0AD7H         LINE#         582
  C:0ADEH         LINE#         583
  C:0AE1H         LINE#         585
  C:0AF1H         LINE#         586
  C:0AFBH         LINE#         588
  C:0AFBH         LINE#         589
  C:0B27H         LINE#         590
  C:0B27H         LINE#         591
  C:0B2DH         LINE#         592
  C:0B33H         LINE#         593
  C:0B35H         LINE#         594
  C:0B35H         LINE#         595
  C:0B3BH         LINE#         596
  C:0B3DH         LINE#         597
  C:0B3DH         LINE#         598
  C:0B43H         LINE#         599
  C:0B45H         LINE#         600
  C:0B45H         LINE#         601
  C:0B4BH         LINE#         602
  C:0B4DH         LINE#         603
  C:0B4DH         LINE#         604
  C:0B53H         LINE#         605
  C:0B59H         LINE#         606
  C:0B5BH         LINE#         607
  C:0B5BH         LINE#         608
  C:0B60H         LINE#         609
  C:0B66H         LINE#         610
  C:0B68H         LINE#         611
  C:0B68H         LINE#         612
  C:0B6EH         LINE#         613
  C:0B74H         LINE#         614
  C:0B76H         LINE#         615
  C:0B76H         LINE#         616
  C:0B7CH         LINE#         617
  C:0B82H         LINE#         618
  C:0B84H         LINE#         619
  C:0B84H         LINE#         620
  C:0B8AH         LINE#         621
  C:0B8CH         LINE#         622
  C:0B8CH         LINE#         623
  C:0B92H         LINE#         624
  C:0B94H         LINE#         625
  C:0B94H         LINE#         626
  C:0B9AH         LINE#         627
  C:0B9FH         LINE#         628
  C:0BA1H         LINE#         629
  C:0BA1H         LINE#         630
  C:0BA7H         LINE#         631
  C:0BADH         LINE#         632
  C:0BADH         LINE#         633
  C:0BADH         LINE#         634
  C:0BADH         LINE#         635
  C:0BADH         LINE#         636
  C:0BADH         LINE#         638
  C:0BB4H         LINE#         639
  C:0BBAH         LINE#         640
BL51 BANKED LINKER/LOCATER V6.22                                                      03/10/2017  18:52:59  PAGE 13


  C:0BBDH         LINE#         641
  C:0BC3H         LINE#         642
  C:0BCAH         LINE#         643
  C:0BCFH         LINE#         644
  C:0BD3H         LINE#         645
  C:0BD9H         LINE#         646
  C:0BDCH         LINE#         647
  C:0BE2H         LINE#         648
  -------         ENDPROC       _SENDKEY
  -------         PROC          UPLOADDATA
  -------         DO            
  X:0008H         SYMBOL        i
  -------         ENDDO         
  C:0F73H         LINE#         657
  C:0F73H         LINE#         658
  C:0F73H         LINE#         660
  C:0F79H         LINE#         661
  C:0F98H         LINE#         662
  -------         ENDPROC       UPLOADDATA
  -------         PROC          HIDVALUEHANDLE
  -------         DO            
  X:00D0H         SYMBOL        rotateFlag
  X:0009H         SYMBOL        readFlag
  -------         ENDDO         
  C:0DECH         LINE#         670
  C:0DECH         LINE#         671
  C:0DECH         LINE#         673
  C:0DF2H         LINE#         674
  C:0DF8H         LINE#         675
  C:0DF8H         LINE#         676
  C:0DFEH         LINE#         677
  C:0E01H         LINE#         679
  C:0E04H         LINE#         680
  C:0E05H         LINE#         682
  C:0E05H         LINE#         683
  C:0E0DH         LINE#         684
  C:0E0DH         LINE#         685
  C:0E1BH         LINE#         686
  C:0E25H         LINE#         687
  C:0E35H         LINE#         688
  C:0E35H         LINE#         689
  C:0E39H         LINE#         690
  C:0E42H         LINE#         691
  C:0E48H         LINE#         692
  C:0E48H         LINE#         693
  C:0E49H         LINE#         695
  C:0E49H         LINE#         696
  C:0E51H         LINE#         697
  C:0E59H         LINE#         698
  C:0E59H         LINE#         699
  C:0E59H         LINE#         701
  -------         ENDPROC       HIDVALUEHANDLE
  -------         ENDMOD        COMPOUND

  -------         MODULE        DEBUG
  C:0000H         SYMBOL        _ICE_DUMMY_
  D:0080H         PUBLIC        P0
BL51 BANKED LINKER/LOCATER V6.22                                                      03/10/2017  18:52:59  PAGE 14


  D:0090H         PUBLIC        P1
  D:00A0H         PUBLIC        P2
  D:00B0H         PUBLIC        P3
  C:0CC2H         PUBLIC        mInitSTDIO
  D:00E8H         PUBLIC        IE_EX
  D:00A8H         PUBLIC        IE
  D:00B8H         PUBLIC        IP
  B:0098H.0       PUBLIC        RI
  B:0098H.1       PUBLIC        TI
  C:0FF4H         PUBLIC        _mDelaymS
  D:00D8H         PUBLIC        USB_INT_FG
  C:100BH         PUBLIC        _mDelayuS
  B:00C8H.5       PUBLIC        RCLK
  B:00C8H.4       PUBLIC        TCLK
  D:0099H         PUBLIC        SBUF
  D:0087H         PUBLIC        PCON
  D:0098H         PUBLIC        SCON
  D:0089H         PUBLIC        TMOD
  D:0088H         PUBLIC        TCON
  C:1019H         PUBLIC        CfgFsys
  D:00F8H         PUBLIC        SPI0_STAT
  D:008DH         PUBLIC        TH1
  B:0098H.7       PUBLIC        SM0
  B:0098H.6       PUBLIC        SM1
  B:0098H.5       PUBLIC        SM2
  B:0088H.6       PUBLIC        TR1
  D:00C0H         PUBLIC        P4_OUT
  D:00A1H         PUBLIC        SAFE_MOD
  C:1023H         PUBLIC        CH559UART0RcvByte
  B:0098H.4       PUBLIC        REN
  D:00C9H         PUBLIC        T2MOD
  D:00C8H         PUBLIC        T2CON
  D:00D0H         PUBLIC        PSW
  -------         PROC          CFGFSYS
  C:1019H         LINE#         27
  C:1019H         LINE#         28
  C:1019H         LINE#         29
  C:101CH         LINE#         30
  C:101FH         LINE#         39
  C:1022H         LINE#         41
  -------         ENDPROC       CFGFSYS
  -------         PROC          _MDELAYUS
  D:0006H         SYMBOL        n
  C:100BH         LINE#         50
  C:100BH         LINE#         51
  C:100BH         LINE#         52
  C:100FH         LINE#         53
  C:1011H         LINE#         122
  C:1016H         LINE#         123
  C:1018H         LINE#         124
  -------         ENDPROC       _MDELAYUS
  -------         PROC          _MDELAYMS
  D:0004H         SYMBOL        n
  C:0FF4H         LINE#         133
  C:0FF8H         LINE#         134
  C:0FF8H         LINE#         135
  C:0FFCH         LINE#         136
BL51 BANKED LINKER/LOCATER V6.22                                                      03/10/2017  18:52:59  PAGE 15


  C:0FFCH         LINE#         137
  C:1003H         LINE#         138
  C:1008H         LINE#         139
  C:100AH         LINE#         140
  -------         ENDPROC       _MDELAYMS
  -------         PROC          MINITSTDIO
  -------         DO            
  X:0155H         SYMBOL        x
  X:0159H         SYMBOL        x2
  -------         ENDDO         
  C:0CC2H         LINE#         164
  C:0CC2H         LINE#         165
  C:0CC2H         LINE#         169
  C:0CC4H         LINE#         170
  C:0CC6H         LINE#         171
  C:0CC8H         LINE#         173
  C:0CCAH         LINE#         174
  C:0CCCH         LINE#         175
  C:0CCFH         LINE#         176
  C:0CD9H         LINE#         177
  C:0CF5H         LINE#         178
  C:0D12H         LINE#         179
  C:0D40H         LINE#         181
  C:0D48H         LINE#         182
  C:0D4BH         LINE#         183
  C:0D59H         LINE#         184
  C:0D5BH         LINE#         185
  C:0D5DH         LINE#         186
  C:0D5FH         LINE#         187
  -------         ENDPROC       MINITSTDIO
  -------         PROC          CH559UART0RCVBYTE
  C:1023H         LINE#         196
  C:1023H         LINE#         197
  C:1023H         LINE#         198
  C:1026H         LINE#         199
  C:1028H         LINE#         200
  C:102AH         LINE#         201
  -------         ENDPROC       CH559UART0RCVBYTE
  -------         ENDMOD        DEBUG

  -------         MODULE        MAIN
  C:0000H         SYMBOL        _ICE_DUMMY_
  D:0080H         PUBLIC        P0
  D:0090H         PUBLIC        P1
  D:00A0H         PUBLIC        P2
  D:00B0H         PUBLIC        P3
  D:00E8H         PUBLIC        IE_EX
  D:00A8H         PUBLIC        IE
  D:00D3H         PUBLIC        UEP1_T_LEN
  D:00D5H         PUBLIC        UEP2_T_LEN
  D:00B8H         PUBLIC        IP
  D:00D8H         PUBLIC        USB_INT_FG
  C:0003H         PUBLIC        main
  D:0098H         PUBLIC        SCON
  D:0088H         PUBLIC        TCON
  D:00F8H         PUBLIC        SPI0_STAT
  D:00C0H         PUBLIC        P4_OUT
BL51 BANKED LINKER/LOCATER V6.22                                                      03/10/2017  18:52:59  PAGE 16


  D:00C8H         PUBLIC        T2CON
  D:00D0H         PUBLIC        PSW
  -------         PROC          MAIN
  C:0003H         LINE#         17
  C:0003H         LINE#         18
  C:0003H         LINE#         19
  C:000AH         LINE#         20
  C:000DH         LINE#         26
  C:0010H         LINE#         27
  C:0013H         LINE#         28
  C:0016H         LINE#         30
  C:0019H         LINE#         31
  C:001BH         LINE#         32
  C:001FH         LINE#         33
  C:0023H         LINE#         34
  C:0023H         LINE#         35
  C:0023H         LINE#         36
  C:0023H         LINE#         37
  C:0023H         LINE#         39
  C:0023H         LINE#         41
  C:002AH         LINE#         42
  -------         ENDPROC       MAIN
  -------         ENDMOD        MAIN

  -------         MODULE        ?C?COPY
  C:08BFH         PUBLIC        ?C?COPY
  -------         ENDMOD        ?C?COPY

  -------         MODULE        ?C?CLDPTR
  C:08E5H         PUBLIC        ?C?CLDPTR
  -------         ENDMOD        ?C?CLDPTR

  -------         MODULE        ?C?IILDX
  C:08FEH         PUBLIC        ?C?IILDX
  -------         ENDMOD        ?C?IILDX

  -------         MODULE        ?C?ULDIV
  C:0950H         PUBLIC        ?C?ULDIV
  -------         ENDMOD        ?C?ULDIV

  -------         MODULE        ?C?LSTXDATA
  C:09E2H         PUBLIC        ?C?LSTXDATA
  -------         ENDMOD        ?C?LSTXDATA

  -------         MODULE        ?C?LSTKXDATA
  C:09EEH         PUBLIC        ?C?LSTKXDATA
  -------         ENDMOD        ?C?LSTKXDATA

  -------         MODULE        ?C?CCASE
  C:0A1FH         PUBLIC        ?C?CCASE
  -------         ENDMOD        ?C?CCASE

  -------         MODULE        PRINTF
  X:012DH         PUBLIC        ?_PRINTF517?BYTE
  X:012DH         PUBLIC        ?_PRINTF?BYTE
  X:012DH         PUBLIC        ?_SPRINTF517?BYTE
  X:012DH         PUBLIC        ?_SPRINTF?BYTE
BL51 BANKED LINKER/LOCATER V6.22                                                      03/10/2017  18:52:59  PAGE 17


  C:04F5H         PUBLIC        _PRINTF
  C:04F5H         PUBLIC        _PRINTF517
  C:04EFH         PUBLIC        _SPRINTF
  C:04EFH         PUBLIC        _SPRINTF517
  -------         ENDMOD        PRINTF

  -------         MODULE        RAND
  X:004AH         PUBLIC        ?SRAND?BYTE
  C:0EB4H         PUBLIC        RAND
  C:0EF2H         PUBLIC        _SRAND
  -------         ENDMOD        RAND

  -------         MODULE        ?C?CLDOPTR
  C:0A45H         PUBLIC        ?C?CLDOPTR
  -------         ENDMOD        ?C?CLDOPTR

  -------         MODULE        ?C?CSTPTR
  C:0A72H         PUBLIC        ?C?CSTPTR
  -------         ENDMOD        ?C?CSTPTR

  -------         MODULE        ?C?LLDXDATA
  C:0A84H         PUBLIC        ?C?LLDXDATA
  -------         ENDMOD        ?C?LLDXDATA

  -------         MODULE        ?C?PLDIXDATA
  C:0A90H         PUBLIC        ?C?PLDIXDATA
  -------         ENDMOD        ?C?PLDIXDATA

  -------         MODULE        ?C?PSTXDATA
  C:0AA7H         PUBLIC        ?C?PSTXDATA
  -------         ENDMOD        ?C?PSTXDATA

  -------         MODULE        PUTCHAR
  C:0F4CH         PUBLIC        _PUTCHAR
  -------         ENDMOD        PUTCHAR

Program Size: data=23.1 xdata=382 code=4134
LINK/LOCATE RUN COMPLETE.  0 WARNING(S),  0 ERROR(S)
